12:56:21 **** Incremental Build of configuration Debug for project Lab1_EX ****
make -j8 all 
arm-none-eabi-gcc "../Core/Src/main.c" -mcpu=cortex-m3 -std=gnu11 -g3 -DDEBUG -DUSE_HAL_DRIVER -DSTM32F103x6 -c -I../Core/Inc -I../Drivers/STM32F1xx_HAL_Driver/Inc -I../Drivers/STM32F1xx_HAL_Driver/Inc/Legacy -I../Drivers/CMSIS/Device/ST/STM32F1xx/Include -I../Drivers/CMSIS/Include -O0 -ffunction-sections -fdata-sections -Wall -fstack-usage -MMD -MP -MF"Core/Src/main.d" -MT"Core/Src/main.o" --specs=nano.specs -mfloat-abi=soft -mthumb -o "Core/Src/main.o"
arm-none-eabi-g++ -o "Lab1_EX.elf" @"objects.list"   -mcpu=cortex-m3 -T"E:\vi xu ly - vi dk\PJLAB1\S_CORE\STM32F103C6TX_FLASH.ld" --specs=nosys.specs -Wl,-Map="Lab1_EX.map" -Wl,--gc-sections -static --specs=nano.specs -mfloat-abi=soft -mthumb -Wl,--start-group -lc -lm -lstdc++ -lsupc++ -Wl,--end-group
Finished building target: Lab1_EX.elf
 
arm-none-eabi-size   Lab1_EX.elf 
arm-none-eabi-objdump -h -S  Lab1_EX.elf  > "Lab1_EX.list"
arm-none-eabi-objcopy  -O ihex  Lab1_EX.elf  "Lab1_EX.hex"
   text	   data	    bss	    dec	    hex	filename
   4608	     20	   1572	   6200	   1838	Lab1_EX.elf
arm-none-eabi-objcopy  -O binary  Lab1_EX.elf  "Lab1_EX.bin"
Finished building: default.size.stdout
 
Finished building: Lab1_EX.hex
Finished building: Lab1_EX.list
Finished building: Lab1_EX.bin
 
 
 

12:56:22 Build Finished. 0 errors, 0 warnings. (took 788ms)

